<testsuites name="results">
  <testsuite name="all" package="all">
    <property name="random_seed" value="1689612466" />
    <testcase name="au_basic_test" classname="SFU_cocotb_test" file="D:\School\Tez\Action_Unit\tests\SFU_cocotb_test.py" lineno="38" time="0.004003286361694336" sim_time_ns="31000" ratio_time="7743637.901256626">
      <failure />
    </testcase>
  </testsuite>
</testsuites>
